{"nbformat":4,"nbformat_minor":0,"metadata":{"colab":{"provenance":[],"authorship_tag":"ABX9TyPURQ7EBrWIjx8kk5WRNAm4"},"kernelspec":{"name":"python3","display_name":"Python 3"},"language_info":{"name":"python"}},"cells":[{"cell_type":"code","execution_count":1,"metadata":{"id":"e4vrvb4hSB4l","executionInfo":{"status":"ok","timestamp":1676786845324,"user_tz":-330,"elapsed":949,"user":{"displayName":"Siva Venkatesh","userId":"03920602320058306003"}}},"outputs":[],"source":["import pandas\n"]},{"cell_type":"code","source":["for i in range(5):\n","  print(i)"],"metadata":{"colab":{"base_uri":"https://localhost:8080/"},"id":"7Uny2z71SZSu","executionInfo":{"status":"ok","timestamp":1676786966982,"user_tz":-330,"elapsed":1415,"user":{"displayName":"Siva Venkatesh","userId":"03920602320058306003"}},"outputId":"69c44b15-375e-4df2-931f-3b527f096ad6"},"execution_count":3,"outputs":[{"output_type":"stream","name":"stdout","text":["0\n","1\n","2\n","3\n","4\n"]}]},{"cell_type":"code","source":["!cat /proc/cpuinfo\n"],"metadata":{"colab":{"base_uri":"https://localhost:8080/"},"id":"gVZiUuyeSpEC","executionInfo":{"status":"ok","timestamp":1676787467630,"user_tz":-330,"elapsed":510,"user":{"displayName":"Siva Venkatesh","userId":"03920602320058306003"}},"outputId":"188d2711-cd71-4b29-e49e-9c344d4433c8"},"execution_count":5,"outputs":[{"output_type":"stream","name":"stdout","text":["processor\t: 0\n","vendor_id\t: GenuineIntel\n","cpu family\t: 6\n","model\t\t: 79\n","model name\t: Intel(R) Xeon(R) CPU @ 2.20GHz\n","stepping\t: 0\n","microcode\t: 0xffffffff\n","cpu MHz\t\t: 2199.998\n","cache size\t: 56320 KB\n","physical id\t: 0\n","siblings\t: 2\n","core id\t\t: 0\n","cpu cores\t: 1\n","apicid\t\t: 0\n","initial apicid\t: 0\n","fpu\t\t: yes\n","fpu_exception\t: yes\n","cpuid level\t: 13\n","wp\t\t: yes\n","flags\t\t: fpu vme de pse tsc msr pae mce cx8 apic sep mtrr pge mca cmov pat pse36 clflush mmx fxsr sse sse2 ss ht syscall nx pdpe1gb rdtscp lm constant_tsc rep_good nopl xtopology nonstop_tsc cpuid tsc_known_freq pni pclmulqdq ssse3 fma cx16 pcid sse4_1 sse4_2 x2apic movbe popcnt aes xsave avx f16c rdrand hypervisor lahf_lm abm 3dnowprefetch invpcid_single ssbd ibrs ibpb stibp fsgsbase tsc_adjust bmi1 hle avx2 smep bmi2 erms invpcid rtm rdseed adx smap xsaveopt arat md_clear arch_capabilities\n","bugs\t\t: cpu_meltdown spectre_v1 spectre_v2 spec_store_bypass l1tf mds swapgs taa mmio_stale_data retbleed\n","bogomips\t: 4399.99\n","clflush size\t: 64\n","cache_alignment\t: 64\n","address sizes\t: 46 bits physical, 48 bits virtual\n","power management:\n","\n","processor\t: 1\n","vendor_id\t: GenuineIntel\n","cpu family\t: 6\n","model\t\t: 79\n","model name\t: Intel(R) Xeon(R) CPU @ 2.20GHz\n","stepping\t: 0\n","microcode\t: 0xffffffff\n","cpu MHz\t\t: 2199.998\n","cache size\t: 56320 KB\n","physical id\t: 0\n","siblings\t: 2\n","core id\t\t: 0\n","cpu cores\t: 1\n","apicid\t\t: 1\n","initial apicid\t: 1\n","fpu\t\t: yes\n","fpu_exception\t: yes\n","cpuid level\t: 13\n","wp\t\t: yes\n","flags\t\t: fpu vme de pse tsc msr pae mce cx8 apic sep mtrr pge mca cmov pat pse36 clflush mmx fxsr sse sse2 ss ht syscall nx pdpe1gb rdtscp lm constant_tsc rep_good nopl xtopology nonstop_tsc cpuid tsc_known_freq pni pclmulqdq ssse3 fma cx16 pcid sse4_1 sse4_2 x2apic movbe popcnt aes xsave avx f16c rdrand hypervisor lahf_lm abm 3dnowprefetch invpcid_single ssbd ibrs ibpb stibp fsgsbase tsc_adjust bmi1 hle avx2 smep bmi2 erms invpcid rtm rdseed adx smap xsaveopt arat md_clear arch_capabilities\n","bugs\t\t: cpu_meltdown spectre_v1 spectre_v2 spec_store_bypass l1tf mds swapgs taa mmio_stale_data retbleed\n","bogomips\t: 4399.99\n","clflush size\t: 64\n","cache_alignment\t: 64\n","address sizes\t: 46 bits physical, 48 bits virtual\n","power management:\n","\n"]}]},{"cell_type":"code","source":["\n","\n","quit  `!cat /proc/meminfo"],"metadata":{"colab":{"base_uri":"https://localhost:8080/"},"id":"8U44nSAgTJqL","executionInfo":{"status":"ok","timestamp":1676787530186,"user_tz":-330,"elapsed":733,"user":{"displayName":"Siva Venkatesh","userId":"03920602320058306003"}},"outputId":"e74455a4-2ea8-4707-9e55-23a3f7301ce2"},"execution_count":6,"outputs":[{"output_type":"stream","name":"stdout","text":["MemTotal:       13297200 kB\n","MemFree:         9309024 kB\n","MemAvailable:   12395212 kB\n","Buffers:          340092 kB\n","Cached:          2903000 kB\n","SwapCached:            0 kB\n","Active:           610384 kB\n","Inactive:        3151296 kB\n","Active(anon):        964 kB\n","Inactive(anon):   497032 kB\n","Active(file):     609420 kB\n","Inactive(file):  2654264 kB\n","Unevictable:           0 kB\n","Mlocked:               0 kB\n","SwapTotal:             0 kB\n","SwapFree:              0 kB\n","Dirty:               560 kB\n","Writeback:            44 kB\n","AnonPages:        518596 kB\n","Mapped:           258728 kB\n","Shmem:              1296 kB\n","KReclaimable:     127912 kB\n","Slab:             157860 kB\n","SReclaimable:     127912 kB\n","SUnreclaim:        29948 kB\n","KernelStack:        4048 kB\n","PageTables:         9956 kB\n","NFS_Unstable:          0 kB\n","Bounce:                0 kB\n","WritebackTmp:          0 kB\n","CommitLimit:     6648600 kB\n","Committed_AS:    2429108 kB\n","VmallocTotal:   34359738367 kB\n","VmallocUsed:        8932 kB\n","VmallocChunk:          0 kB\n","Percpu:             1344 kB\n","HardwareCorrupted:     0 kB\n","AnonHugePages:         0 kB\n","ShmemHugePages:        0 kB\n","ShmemPmdMapped:        0 kB\n","FileHugePages:         0 kB\n","FilePmdMapped:         0 kB\n","CmaTotal:              0 kB\n","CmaFree:               0 kB\n","HugePages_Total:       0\n","HugePages_Free:        0\n","HugePages_Rsvd:        0\n","HugePages_Surp:        0\n","Hugepagesize:       2048 kB\n","Hugetlb:               0 kB\n","DirectMap4k:       86848 kB\n","DirectMap2M:     5152768 kB\n","DirectMap1G:    10485760 kB\n"]}]},{"cell_type":"code","source":["!cat /proc/gpuinfo\n"],"metadata":{"colab":{"base_uri":"https://localhost:8080/"},"id":"8PZJKs4DUy_C","executionInfo":{"status":"ok","timestamp":1676787557428,"user_tz":-330,"elapsed":9,"user":{"displayName":"Siva Venkatesh","userId":"03920602320058306003"}},"outputId":"4ac9e554-a0b8-4211-ea80-db6164cbf824"},"execution_count":7,"outputs":[{"output_type":"stream","name":"stdout","text":["cat: /proc/gpuinfo: No such file or directory\n"]}]}]}